
Memory Configuration

Name             Origin             Length             Attributes
ram              0x80000000         0x00500000         xrw
*default*        0x00000000         0xffffffff

Linker script and memory map

                0x00000000                __DYNAMIC=0x0
                0x00400000                PROVIDE (__stack, 0x400000)
                0x00000000                PROVIDE (hardware_init_hook, 0x0)
                0x00000000                PROVIDE (_hardware_init_hook, 0x0)
                0x00000000                PROVIDE (software_init_hook, 0x0)
                0x00000000                PROVIDE (_software_init_hook, 0x0)

.text           0x80000000     0xc550
 *(.text)
 .text          0x80000000     0x5c18 S2_Sony_STR_DA5300ES_Processor_v1_0.o
                0x80004b3a                S2_Sony_STR_DA5300ES_Processor_v1_0_EventHandler
                0x800044b6                S2_Sony_STR_DA5300ES_Processor_v1_0EventHandler00002
                0x800046b0                S2_Sony_STR_DA5300ES_Processor_v1_0EventHandler00003
                0x80004c1c                S2_Sony_STR_DA5300ES_Processor_v1_0_main
                0x80005b58                S2_Sony_STR_DA5300ES_Processor_v1_0EventHandler00001
                0x80005af8                S2_Sony_STR_DA5300ES_Processor_v1_0EventHandler00000
                0x800048aa                S2_Sony_STR_DA5300ES_Processor_v1_0EventHandler00004
 .text          0x80005c18     0x5836 library.o
                0x80009e04                RotateRightLong
                0x8000a412                IsSystem
                0x80009d68                Seed
                0x80007660                Remove
                0x800099e4                Ltoa
                0x80009710                Atoi
                0x80008a78                InitRampInfoArray
                0x8000a1be                Right
                0x8000b1ee                LockInputSema
                0x80009c92                Mod
                0x80009e7a                Getc
                0x80009bc6                SMuldiv
                0x8000a3f4                IsHidden
                0x80009aaa                Min
                0x8000b002                hextosi
                0x8000a598                WriteIntegerArray
                0x8000ab0e                GetSignedIntArrayElementPtr
                0x80009432                CheckStructArray
                0x8000b016                hextosl
                0x8000a71e                WriteSignedIntegerArray
                0x800090fa                InitStringParamArray
                0x800083cc                ReadSignedLongIntegerArray
                0x800072ee                GatherToDelimiter
                0x80008f1e                InitStringArray
                0x80009a84                Max
                0x8000a44e                IsReadOnly
                0x80009b8e                SMax
                0x80007492                GatherByLength
                0x8000991e                Chr
                0x8000a570                ReadSignedLongInteger
                0x8000999c                Itohex
                0x800093a4                GetStructArrayElement
                0x80009698                UNS_SetByte
                0x8000a192                ReverseFindi
                0x80008874                ReadStringArray
                0x8000a91e                GetIntArrayElementPtr
                0x80009fce                Lower
                0x80009d84                RotateLeft
                0x8000b136                ResizeIfAutogrow
                0x80008ba4                CheckInputArray
                0x80006186                ResizeStringArray
                0x800098b0                Atosl
                0x800096d8                High
                0x80009d34                Rnd
                0x80009c56                UMod
                0x80009dda                RotateLeftLong
                0x8000b262                FindNumericChar
                0x8000ad66                CheckIOArrayBounds2
                0x8000a3ac                MakeProgramFilename
                0x80009baa                SMin
                0x80009f02                Left
                0x80009e44                CheckBufferThreshold
                0x8000a528                ReadSignedInteger
                0x80009702                LowWord
                0x80005c18                Bit
                0x8000a4d8                ReadLongInteger
                0x80009516                Byte
                0x8000aa16                GetLongArrayElementPtr
                0x8000a164                ReverseFind
                0x8000a3c2                GetSeries
                0x8000b32e                InitTcpServer
                0x80009fb6                Len
                0x8000ae36                InitializeRampInfoInternal
                0x80009ad0                Divide
                0x8000981c                Atol
                0x8000a3b8                GetModelNumber
                0x8000acfe                CheckIOArrayBounds
                0x80008bfe                CheckStringInputArray
                0x8000a7e0                WriteSignedLongIntegerArray
                0x800092ee                GetStringArrayElement
                0x80009a28                Ltohex
                0x80009954                Itoa
                0x80009dae                RotateRight
                0x8000794e                InternalReverseFind
                0x8000a4b8                WriteLongInteger
                0x80008e22                InitDynamicStringStruct
                0x80008d14                SetStringArray
                0x800081aa                ReadSignedIntegerArray
                0x80008c58                SetOutputArray
                0x8000a468                WriteInteger
                0x80009282                InitStructDynamicArray
                0x80007bd8                SetString
                0x80009cce                Random
                0x8000a500                WriteSignedInteger
                0x80005e7c                Find
                0x8000a3cc                GetProgramNumber
                0x8000a0a2                Mid
                0x8000b2a0                InitTcpClient
                0x80006d6a                ResizeStructArray
                0x8000ac06                GetSignedLongArrayElementPtr
                0x8000b028                hextol
                0x800085ee                ReadString
                0x80008fb4                InitDynamicStringArray
                0x8000b10e                UpperChar
                0x800097ac                Atosi
                0x8000a490                ReadInteger
                0x80009b42                Muldiv
                0x80008cc6                SetStringOutputArray
                0x8000a8a4                WriteString
                0x800067de                ResizeIntegerArray
                0x80008b6c                InitInOutArray
                0x800091c2                InitNvramStringArray
                0x80009a6c                Abs
                0x80009c12                SDivide
                0x80007d68                ReadIntegerArray
                0x80005d28                CompareStrings
                0x8000b0e6                LowerChar
                0x8000b3be                InitUdpSocket
                0x80009e2c                ClearBuffer
                0x8000a27a                Upper
                0x8000925e                InitStructArray
                0x8000a350                MakeLower
                0x8000a430                IsVolume
                0x800077ba                RemoveByLength
                0x800094ae                CheckStringOutputArrayIndex
                0x8000a65a                WriteLongIntegerArray
                0x8000aee2                InitRampInfoStructArray
                0x800096f4                HighWord
                0x80005ff0                ResizeString
                0x8000a3d6                IsDirectory
                0x80007f88                ReadLongIntegerArray
                0x800096e6                Low
                0x80007194                Gather
                0x8000a37e                MakeUpper
                0x80008de4                InitStringStruct
                0x8000adce                CheckStringArrayBounds
                0x80009b14                CheckDenominator
                0x8000afea                hextoi
                0x8000870c                WriteStringArray
                0x800095d6                SetByte
                0x8000ae8c                InitializeRampInfo
                0x8000b228                UnLockInputSema
                0x8000a550                WriteSignedLongInteger
                0x80008ed6                InitNvramStringStruct
 *fill*         0x8000b44e        0x2
                0x8000b450                .=ALIGN(0x10)
 *(.eh_frame)
                0x8000b450                .=ALIGN(0x10)
 *(.gnu.linkonce.t.*)
                0x8000b450                .=ALIGN(0x4)
                0x8000b450                __CTOR_LIST__=.
                0x8000b450                ___CTOR_LIST__=.
                0x8000b450        0x4 LONG 0x0 (((__CTOR_END__-__CTOR_LIST__)/0x4)-0x2)
 *(.ctors)
                0x8000b454        0x4 LONG 0x0
                0x8000b458                __CTOR_END__=.
                0x8000b458                __DTOR_LIST__=.
                0x8000b458                ___DTOR_LIST__=.
                0x8000b458        0x4 LONG 0x0 (((__DTOR_END__-__DTOR_LIST__)/0x4)-0x2)
 *(.dtors)
                0x8000b45c        0x4 LONG 0x0
                0x8000b460                __DTOR_END__=.
 *(.rodata)
 .rodata        0x8000b460      0x480 S2_Sony_STR_DA5300ES_Processor_v1_0.o
 .rodata        0x8000b8e0      0xc54 library.o
 *(.gcc_except_table)
                0x8000c534                .=ALIGN(0x2)
                0x8000c534                __INIT_SECTION__=.
                0x8000c534        0x4 LONG 0x4e560000
 *(.init)
                0x8000c538        0x2 SHORT 0x4e5e
                0x8000c53a        0x2 SHORT 0x4e75
                0x8000c53c                __FINI_SECTION__=.
                0x8000c53c        0x4 LONG 0x4e560000
 *(.fini)
                0x8000c540        0x2 SHORT 0x4e5e
                0x8000c542        0x2 SHORT 0x4e75
 *(.lit)
 *fill*         0x8000c544        0xc
                0x8000c550                .=ALIGN(0x10)
                0x8000c550                _etext=.
                0x8000c550                etext=.

.data           0x8000c550        0x0
                0x8000c550                copy_start=.
 *(.shdata)
 *(.data)
 *(.gnu.linkonce.d.*)
                0x8000c550                .=ALIGN(0x10)
                0x8000c550                _edata=.
                0x8000c550                copy_end=.

.got
 *(.got.plt)
 *(.got)

EntryList       0x8000c550      0x110
 *(EntryList)
 EntryList      0x8000c550      0x110 S2_Sony_STR_DA5300ES_Processor_v1_0.o
                0x8000c550                S2_Sony_STR_DA5300ES_Processor_v1_0_Entry
                0x8000c660                .=ALIGN(0x4)

FunctionList    0x8000c660        0x4
 *(FunctionList)
 FunctionList   0x8000c660        0x4 globals.o
                0x8000c660                g_pFunctions
                0x8000c664                .=ALIGN(0x4)

.bss            0x8000c664        0x0
                0x8000c664                .=ALIGN(0x4)
                0x8000c664                __bss_start=.
 *(.shbss)
 *(.bss)
 *(COMMON)
                0x8000c668                _end=ALIGN(0x8)
                0x8000c668                __end=_end

.stab
 *(.stab)

.stabstr
 *(.stabstr)

.debug
 *(.debug)

.line
 *(.line)

.debug_srcinfo
 *(.debug_srcinfo)

.debug_sfnames
 *(.debug_sfnames)

.debug_aranges
 *(.debug_aranges)

.debug_pubnames
 *(.debug_pubnames)

.debug_info
 *(.debug_info)

.debug_abbrev
 *(.debug_abbrev)

.debug_line
 *(.debug_line)

.debug_frame
 *(.debug_frame)

.debug_str
 *(.debug_str)

.debug_loc
 *(.debug_loc)

.debug_macinfo
 *(.debug_macinfo)

.debug_weaknames
 *(.debug_weaknames)

.debug_funcnames
 *(.debug_funcnames)

.debug_typenames
 *(.debug_typenames)

.debug_varnames
 *(.debug_varnames)
LOAD S2_Sony_STR_DA5300ES_Processor_v1_0.o
LOAD globals.o
LOAD library.o
OUTPUT(_S2_BasementRMC_commit_Test.spl elf32-m68k)

.comment        0x8000c664       0x72
 .comment       0x8000c664       0x26 S2_Sony_STR_DA5300ES_Processor_v1_0.o
 .comment       0x8000c68a       0x26 globals.o
 .comment       0x8000c6b0       0x26 library.o
